// Jest Snapshot v1, https://goo.gl/fbAQLP

exports[`[Component] Button renders correctly 1`] = `
<View
  onLayout={[Function]}
  onTouchCancel={[Function]}
  onTouchEnd={[Function]}
  onTouchMove={[Function]}
  onTouchStart={[Function]}
  style={
    [
      {
        "backgroundColor": "transparent",
        "borderRadius": 8,
        "overflow": "hidden",
        "paddingHorizontal": 24,
        "paddingVertical": 16,
        "width": "100%",
      },
      {},
      null,
    ]
  }
>
  <BVLinearGradient
    angle={267}
    colors={
      [
        4287428607,
        4292583935,
      ]
    }
    endPoint={
      {
        "x": 0.5,
        "y": 1,
      }
    }
    locations={null}
    startPoint={
      {
        "x": 0.5,
        "y": 0,
      }
    }
    style={
      {
        "bottom": 0,
        "left": 0,
        "position": "absolute",
        "right": 0,
        "top": 0,
      }
    }
    useAngle={true}
  />
  <View
    pointerEvents="none"
    style={
      [
        {
          "alignItems": "center",
          "flexDirection": "row",
          "flexWrap": "wrap",
          "justifyContent": "center",
        },
        {
          "justifyContent": "center",
          "opacity": 1,
        },
        {},
      ]
    }
  >
    <Text
      style={
        [
          {
            "fontFamily": "Hind Vadodara",
            "margin": 0,
            "padding": 0,
            "textAlign": "center",
          },
          {
            "color": "#384065",
            "fontSize": 16,
            "fontWeight": "normal",
          },
          {},
        ]
      }
    >
      Test
    </Text>
  </View>
  <View
    collapsable={false}
    pointerEvents="none"
    style={
      {
        "aspectRatio": 1,
        "backgroundColor": "#000000",
        "borderRadius": 0,
        "left": 0,
        "opacity": 0,
        "position": "absolute",
        "top": 0,
        "transform": [
          {
            "translateX": 0,
          },
          {
            "translateY": 0,
          },
          {
            "scale": 0,
          },
        ],
        "width": 2,
      }
    }
  />
</View>
`;
