// Jest Snapshot v1, https://goo.gl/fbAQLP

exports[`[Component] Input renders correctly 1`] = `
<View
  collapsable={false}
  onLayout={[Function]}
  pointerEvents="auto"
  style={
    {
      "backgroundColor": "#0E1247",
      "borderColor": "#999EB5",
      "borderRadius": 4,
      "borderWidth": 1.2,
      "opacity": 1,
      "width": "100%",
    }
  }
>
  <View
    collapsable={false}
    style={
      {
        "backgroundColor": "#0E1247",
        "height": 3,
        "left": 6,
        "position": "absolute",
        "top": -2,
        "transform": [
          {
            "scaleX": 0,
          },
        ],
        "width": 0,
      }
    }
  />
  <View
    collapsable={false}
    pointerEvents="none"
    style={
      {
        "alignItems": "center",
        "display": "flex",
        "justifyContent": "center",
        "left": 0,
        "overflow": "scroll",
        "paddingHorizontal": 4,
        "position": "absolute",
        "top": 0,
        "transform": [
          {
            "translateX": -0,
          },
          {
            "translateY": -0,
          },
          {
            "scale": 1,
          },
          {
            "translateX": 0,
          },
          {
            "translateY": 0,
          },
          {
            "translateX": 16,
          },
          {
            "translateY": -2,
          },
        ],
      }
    }
  >
    <View
      accessibilityState={
        {
          "busy": undefined,
          "checked": undefined,
          "disabled": true,
          "expanded": undefined,
          "selected": undefined,
        }
      }
      accessibilityValue={
        {
          "max": undefined,
          "min": undefined,
          "now": undefined,
          "text": undefined,
        }
      }
      accessible={true}
      collapsable={false}
      focusable={true}
      onClick={[Function]}
      onResponderGrant={[Function]}
      onResponderMove={[Function]}
      onResponderRelease={[Function]}
      onResponderTerminate={[Function]}
      onResponderTerminationRequest={[Function]}
      onStartShouldSetResponder={[Function]}
      style={
        {
          "opacity": 1,
        }
      }
    >
      <Text
        onLayout={[Function]}
        style={
          [
            {
              "fontFamily": "Hind Vadodara",
              "margin": 0,
              "padding": 0,
              "textAlign": "center",
            },
            {
              "color": "#ECECEC",
              "fontSize": 16,
              "fontWeight": "normal",
            },
            {},
          ]
        }
      >
        Default
      </Text>
    </View>
  </View>
  <TextInput
    autoCompleteType="off"
    autoCorrect={false}
    maxLength={null}
    multiline={false}
    onBlur={[Function]}
    onChangeText={[Function]}
    onFocus={[Function]}
    onSubmitEditing={[Function]}
    selectionColor="#999EB5"
    style={
      [
        {
          "color": "#FFFFFF",
          "maxHeight": 256,
          "paddingHorizontal": 12,
        },
        {
          "height": 56,
        },
      ]
    }
    testID="textInput"
    textContentType="none"
    value=""
  />
</View>
`;
