// Jest Snapshot v1, https://goo.gl/fbAQLP

exports[`[Component] Text should render correctly 1`] = `
<View
  accessibilityState={
    {
      "busy": undefined,
      "checked": undefined,
      "disabled": true,
      "expanded": undefined,
      "selected": undefined,
    }
  }
  accessibilityValue={
    {
      "max": undefined,
      "min": undefined,
      "now": undefined,
      "text": undefined,
    }
  }
  accessible={true}
  collapsable={false}
  focusable={true}
  onClick={[Function]}
  onResponderGrant={[Function]}
  onResponderMove={[Function]}
  onResponderRelease={[Function]}
  onResponderTerminate={[Function]}
  onResponderTerminationRequest={[Function]}
  onStartShouldSetResponder={[Function]}
  style={
    {
      "opacity": 1,
    }
  }
>
  <Text
    onLayout={[Function]}
    style={
      [
        {
          "fontFamily": "Hind Vadodara",
          "margin": 0,
          "padding": 0,
          "textAlign": "center",
        },
        {
          "color": "#ECECEC",
          "fontSize": 18,
          "fontWeight": "normal",
        },
        {},
      ]
    }
  />
</View>
`;
